september/game/systems/PlayerInputSystemTest.class
september/engine/rendering/MeshTest.class
september/architecture/ArchitectureTest.class
september/engine/ecs/components/ControllableComponentTest.class
september/engine/systems/RenderSystemTest.class
september/engine/ecs/components/TransformComponentTest.class
september/engine/ecs/components/MeshComponentTest.class
september/engine/core/MainLoopPolicyTest.class
september/engine/ecs/WorldTest$PositionComponent.class
september/game/components/EnemyComponentTest.class
september/engine/rendering/gl/ShaderTest.class
september/game/components/PlayerComponentTest.class
september/game/components/HealthComponentTest.class
september/engine/EngineTestHarness.class
september/engine/assets/ResourceManagerTest.class
september/engine/ecs/components/ColliderComponentTest$TestColliderType.class
september/game/systems/CollisionSystemTest.class
september/engine/ecs/components/SpriteComponentTest.class
september/TT.class
september/engine/rendering/CameraTest.class
september/engine/systems/MovementSystemTest.class
september/engine/assets/AssetLoaderIncludeTest.class
september/engine/assets/AssetLoaderTest.class
september/engine/core/EngineTest.class
september/engine/ecs/WorldTest$TestSystem.class
september/engine/core/SystemTimerTest.class
september/engine/ecs/WorldTest.class
september/Glsl460FeatureTest.class
september/game/systems/EnemyAISystemTest.class
september/engine/ecs/components/ColliderComponentTest.class
september/engine/ecs/WorldTest$VelocityComponent.class
september/engine/rendering/gl/OpenGLRendererTest.class
september/engine/rendering/TextureTest.class
september/engine/ecs/components/MovementStatsComponentTest.class
september/game/MainIntegrationTest.class
