/workspace/src/test/java/september/Glsl460FeatureTest.java
/workspace/src/test/java/september/TT.java
/workspace/src/test/java/september/architecture/ArchitectureTest.java
/workspace/src/test/java/september/engine/EngineTestHarness.java
/workspace/src/test/java/september/engine/assets/AssetLoaderIncludeTest.java
/workspace/src/test/java/september/engine/assets/AssetLoaderTest.java
/workspace/src/test/java/september/engine/assets/ResourceManagerTest.java
/workspace/src/test/java/september/engine/core/EngineTest.java
/workspace/src/test/java/september/engine/core/MainLoopPolicyTest.java
/workspace/src/test/java/september/engine/core/SystemTimerTest.java
/workspace/src/test/java/september/engine/ecs/WorldTest.java
/workspace/src/test/java/september/engine/ecs/components/ColliderComponentTest.java
/workspace/src/test/java/september/engine/ecs/components/ControllableComponentTest.java
/workspace/src/test/java/september/engine/ecs/components/MeshComponentTest.java
/workspace/src/test/java/september/engine/ecs/components/MovementStatsComponentTest.java
/workspace/src/test/java/september/engine/ecs/components/SpriteComponentTest.java
/workspace/src/test/java/september/engine/ecs/components/TransformComponentTest.java
/workspace/src/test/java/september/engine/rendering/CameraTest.java
/workspace/src/test/java/september/engine/rendering/MeshTest.java
/workspace/src/test/java/september/engine/rendering/TextureTest.java
/workspace/src/test/java/september/engine/rendering/gl/OpenGLRendererTest.java
/workspace/src/test/java/september/engine/rendering/gl/ShaderTest.java
/workspace/src/test/java/september/engine/systems/MovementSystemTest.java
/workspace/src/test/java/september/engine/systems/RenderSystemTest.java
/workspace/src/test/java/september/game/MainIntegrationTest.java
/workspace/src/test/java/september/game/components/EnemyComponentTest.java
/workspace/src/test/java/september/game/components/HealthComponentTest.java
/workspace/src/test/java/september/game/components/PlayerComponentTest.java
/workspace/src/test/java/september/game/systems/CollisionSystemTest.java
/workspace/src/test/java/september/game/systems/EnemyAISystemTest.java
/workspace/src/test/java/september/game/systems/PlayerInputSystemTest.java
