september/game/input/KeyboardMappingService.class
september/engine/systems/RenderSystem.class
september/engine/rendering/Mesh.class
september/game/Main.class
september/engine/ecs/EntityManager.class
september/engine/core/input/InputService.class
september/game/systems/EnemyAISystem.class
september/game/input/GameAction.class
september/engine/core/MainLoopPolicy.class
september/engine/core/GlfwContext.class
september/engine/core/WindowResizeListener.class
september/engine/rendering/Renderer.class
september/engine/rendering/Texture.class
september/engine/ecs/World.class
september/engine/ecs/components/TransformComponent.class
september/engine/systems/MovementSystem.class
september/engine/ecs/components/ControllableComponent.class
september/engine/rendering/LwjglFacadeImpl.class
september/engine/ecs/components/MeshComponent.class
september/engine/core/Engine.class
september/engine/rendering/Camera.class
september/game/input/InputMappingService.class
september/game/systems/CollisionSystem.class
september/engine/core/input/GlfwInputService$2.class
september/engine/rendering/gl/OpenGLRenderer.class
september/engine/assets/AssetLoader.class
september/engine/core/input/GlfwInputService.class
september/game/components/PlayerComponent.class
september/game/components/EnemyComponent.class
september/engine/ecs/components/ColliderComponent.class
september/engine/ecs/components/SpriteComponent.class
september/engine/rendering/gl/Shader.class
september/engine/ecs/Component.class
september/engine/ecs/ISystem.class
september/engine/core/WindowContext.class
september/engine/ecs/IWorld.class
september/engine/assets/ResourceManager.class
september/engine/ecs/components/MovementStatsComponent.class
september/game/systems/PlayerInputSystem.class
september/engine/core/input/GlfwInputService$1.class
september/game/components/HealthComponent.class
september/engine/rendering/LwjglFacade.class
september/engine/core/input/GlfwInputService$3.class
september/game/components/GameColliderType.class
september/engine/ecs/SystemManager.class
september/game/input/GameInputMapping.class
september/engine/ecs/components/ColliderComponent$ColliderType.class
september/engine/core/SystemTimer.class
september/engine/rendering/Camera$ProjectionType.class
september/engine/ecs/ComponentManager.class
september/engine/core/TimeService.class
september/engine/rendering/gl/OpenGLDebugger.class
