/workspace/src/main/java/september/engine/assets/AssetLoader.java
/workspace/src/main/java/september/engine/assets/ResourceManager.java
/workspace/src/main/java/september/engine/core/Engine.java
/workspace/src/main/java/september/engine/core/GlfwContext.java
/workspace/src/main/java/september/engine/core/MainLoopPolicy.java
/workspace/src/main/java/september/engine/core/SystemTimer.java
/workspace/src/main/java/september/engine/core/TimeService.java
/workspace/src/main/java/september/engine/core/WindowContext.java
/workspace/src/main/java/september/engine/core/WindowResizeListener.java
/workspace/src/main/java/september/engine/core/input/GlfwInputService.java
/workspace/src/main/java/september/engine/core/input/InputService.java
/workspace/src/main/java/september/engine/ecs/Component.java
/workspace/src/main/java/september/engine/ecs/ISystem.java
/workspace/src/main/java/september/engine/ecs/IWorld.java
/workspace/src/main/java/september/engine/ecs/World.java
/workspace/src/main/java/september/engine/ecs/components/ColliderComponent.java
/workspace/src/main/java/september/engine/ecs/components/ControllableComponent.java
/workspace/src/main/java/september/engine/ecs/components/MeshComponent.java
/workspace/src/main/java/september/engine/ecs/components/MovementStatsComponent.java
/workspace/src/main/java/september/engine/ecs/components/SpriteComponent.java
/workspace/src/main/java/september/engine/ecs/components/TransformComponent.java
/workspace/src/main/java/september/engine/rendering/Camera.java
/workspace/src/main/java/september/engine/rendering/LwjglFacade.java
/workspace/src/main/java/september/engine/rendering/LwjglFacadeImpl.java
/workspace/src/main/java/september/engine/rendering/Mesh.java
/workspace/src/main/java/september/engine/rendering/Renderer.java
/workspace/src/main/java/september/engine/rendering/Texture.java
/workspace/src/main/java/september/engine/rendering/gl/OpenGLDebugger.java
/workspace/src/main/java/september/engine/rendering/gl/OpenGLRenderer.java
/workspace/src/main/java/september/engine/rendering/gl/Shader.java
/workspace/src/main/java/september/engine/systems/MovementSystem.java
/workspace/src/main/java/september/engine/systems/RenderSystem.java
/workspace/src/main/java/september/game/Main.java
/workspace/src/main/java/september/game/components/EnemyComponent.java
/workspace/src/main/java/september/game/components/GameColliderType.java
/workspace/src/main/java/september/game/components/HealthComponent.java
/workspace/src/main/java/september/game/components/PlayerComponent.java
/workspace/src/main/java/september/game/input/GameAction.java
/workspace/src/main/java/september/game/input/GameInputMapping.java
/workspace/src/main/java/september/game/input/InputMappingService.java
/workspace/src/main/java/september/game/input/KeyboardMappingService.java
/workspace/src/main/java/september/game/systems/CollisionSystem.java
/workspace/src/main/java/september/game/systems/EnemyAISystem.java
/workspace/src/main/java/september/game/systems/PlayerInputSystem.java
